// Jest Snapshot v1, https://goo.gl/fbAQLP

exports[`Property Images should match a snapshot 1`] = `ShallowWrapper {}`;
